==> Running 'npm start'
> rest-express@1.0.0 start
> NODE_ENV=production node dist/index.js
Connecting to database...
DATABASE_URL is set: true
NODE_ENV: production
‚è≥ Retrying in 1000ms...
‚ùå Database connection attempt 1/5 failed: getaddrinfo ENOTFOUND dpg-d312ged6ubrc73c1018g-a
Blog scheduler started
Failed to initialize default data: Error: getaddrinfo ENOTFOUND dpg-d312ged6ubrc73c1018g-a
    at /opt/render/project/src/node_modules/pg-pool/index.js:45:11
    at process.processTicksAndRejections (node:internal/process/task_queues:105:5)
    at async file:///opt/render/project/src/node_modules/drizzle-orm/node-postgres/session.js:83:22
    at async DatabaseStorage.getServices (file:///opt/render/project/src/dist/index.js:281:16)
    at async initializeDefaultServices (file:///opt/render/project/src/dist/index.js:1388:30)
    at async registerRoutes (file:///opt/render/project/src/dist/index.js:984:3)
    at async file:///opt/render/project/src/dist/index.js:1598:18 {
  errno: -3008,
  code: 'ENOTFOUND',
  syscall: 'getaddrinfo',
  hostname: 'dpg-d312ged6ubrc73c1018g-a'
}
5:00:05 AM [express] serving on port 5000
‚ùå Database connection attempt 2/5 failed: getaddrinfo ENOTFOUND dpg-d312ged6ubrc73c1018g-a
‚è≥ Retrying in 2000ms...
‚è≥ Retrying in 4000ms...
‚ùå Database connection attempt 3/5 failed: getaddrinfo ENOTFOUND dpg-d312ged6ubrc73c1018g-a
‚è≥ Retrying in 8000ms...
‚ùå Database connection attempt 4/5 failed: getaddrinfo ENOTFOUND dpg-d312ged6ubrc73c1018g-a
‚ùå Database connection attempt 5/5 failed: getaddrinfo ENOTFOUND dpg-d312ged6ubrc73c1018g-a
üö® Failed to connect to database after all retries
üö® Critical: Failed to establish database connection: Error: Database connection failed after 5 attempts
    at connectWithRetry (file:///opt/render/project/src/dist/index.js:195:15)
    at process.processTicksAndRejections (node:internal/process/task_queues:105:5)
==> Running 'npm start'
> rest-express@1.0.0 start
> NODE_ENV=production node dist/index.js
Connecting to database...
DATABASE_URL is set: true
NODE_ENV: production
‚è≥ Retrying in 1000ms...
‚ùå Database connection attempt 1/5 failed: getaddrinfo ENOTFOUND dpg-d312ged6ubrc73c1018g-a
Failed to initialize default data: Error: getaddrinfo ENOTFOUND dpg-d312ged6ubrc73c1018g-a
    at /opt/render/project/src/node_modules/pg-pool/index.js:45:11
    at process.processTicksAndRejections (node:internal/process/task_queues:105:5)
    at async file:///opt/render/project/src/node_modules/drizzle-orm/node-postgres/session.js:83:22
    at async DatabaseStorage.getServices (file:///opt/render/project/src/dist/index.js:281:16)
    at async initializeDefaultServices (file:///opt/render/project/src/dist/index.js:1388:30)
    at async registerRoutes (file:///opt/render/project/src/dist/index.js:984:3)
    at async file:///opt/render/project/src/dist/index.js:1598:18 {
  errno: -3008,
  code: 'ENOTFOUND',
  syscall: 'getaddrinfo',
  hostname: 'dpg-d312ged6ubrc73c1018g-a'
}
Blog scheduler started
5:00:44 AM [express] serving on port 5000
‚ùå Database connection attempt 2/5 failed: getaddrinfo ENOTFOUND dpg-d312ged6ubrc73c1018g-a
‚è≥ Retrying in 2000ms...
‚ùå Database connection attempt 3/5 failed: getaddrinfo ENOTFOUND dpg-d312ged6ubrc73c1018g-a
‚è≥ Retrying in 4000ms...
‚ùå Database connection attempt 4/5 failed: getaddrinfo ENOTFOUND dpg-d312ged6ubrc73c1018g-a
‚è≥ Retrying in 8000ms...
‚ùå Database connection attempt 5/5 failed: getaddrinfo ENOTFOUND dpg-d312ged6ubrc73c1018g-a
üö® Failed to connect to database after all retries
üö® Critical: Failed to establish database connection: Error: Database connection failed after 5 attempts
    at connectWithRetry (file:///opt/render/project/src/dist/index.js:195:15)
    at process.processTicksAndRejections (node:internal/process/task_queues:105:5)
==> Running 'npm start'
> rest-express@1.0.0 start
> NODE_ENV=production node dist/index.js
Connecting to database...
DATABASE_URL is set: true
NODE_ENV: production
‚ùå Database connection attempt 1/5 failed: getaddrinfo ENOTFOUND dpg-d312ged6ubrc73c1018g-a
‚è≥ Retrying in 1000ms...
Failed to initialize default data: Error: getaddrinfo ENOTFOUND dpg-d312ged6ubrc73c1018g-a
    at /opt/render/project/src/node_modules/pg-pool/index.js:45:11
    at process.processTicksAndRejections (node:internal/process/task_queues:105:5)
    at async file:///opt/render/project/src/node_modules/drizzle-orm/node-postgres/session.js:83:22
    at async DatabaseStorage.getServices (file:///opt/render/project/src/dist/index.js:281:16)
    at async initializeDefaultServices (file:///opt/render/project/src/dist/index.js:1388:30)
    at async registerRoutes (file:///opt/render/project/src/dist/index.js:984:3)
    at async file:///opt/render/project/src/dist/index.js:1598:18 {
  errno: -3008,
  code: 'ENOTFOUND',
  syscall: 'getaddrinfo',
  hostname: 'dpg-d312ged6ubrc73c1018g-a'
}
Blog scheduler started
5:01:25 AM [express] serving on port 5000
‚ùå Database connection attempt 2/5 failed: getaddrinfo ENOTFOUND dpg-d312ged6ubrc73c1018g-a
‚è≥ Retrying in 2000ms...
‚ùå Database connection attempt 3/5 failed: getaddrinfo ENOTFOUND dpg-d312ged6ubrc73c1018g-a
‚è≥ Retrying in 4000ms...
‚ùå Database connection attempt 4/5 failed: getaddrinfo ENOTFOUND dpg-d312ged6ubrc73c1018g-a
‚è≥ Retrying in 8000ms...
5:01:33 AM [express] GET /api/admin/me 401 in 3ms :: {"message":"Unauthorized"}
‚ùå Database connection attempt 5/5 failed: getaddrinfo ENOTFOUND dpg-d312ged6ubrc73c1018g-a
üö® Failed to connect to database after all retries
üö® Critical: Failed to establish database connection: Error: Database connection failed after 5 attempts
    at connectWithRetry (file:///opt/render/project/src/dist/index.js:195:15)
    at process.processTicksAndRejections (node:internal/process/task_queues:105:5)
==> Running 'npm start'
> rest-express@1.0.0 start
> NODE_ENV=production node dist/index.js
Connecting to database...
DATABASE_URL is set: true
NODE_ENV: production
‚ùå Database connection attempt 1/5 failed: getaddrinfo ENOTFOUND dpg-d312ged6ubrc73c1018g-a
‚è≥ Retrying in 1000ms...
Failed to initialize default data: Error: getaddrinfo ENOTFOUND dpg-d312ged6ubrc73c1018g-a
    at /opt/render/project/src/node_modules/pg-pool/index.js:45:11
    at process.processTicksAndRejections (node:internal/process/task_queues:105:5)
    at async file:///opt/render/project/src/node_modules/drizzle-orm/node-postgres/session.js:83:22
    at async DatabaseStorage.getServices (file:///opt/render/project/src/dist/index.js:281:16)
    at async initializeDefaultServices (file:///opt/render/project/src/dist/index.js:1388:30)
    at async registerRoutes (file:///opt/render/project/src/dist/index.js:984:3)
    at async file:///opt/render/project/src/dist/index.js:1598:18 {
  errno: -3008,
  code: 'ENOTFOUND',
  syscall: 'getaddrinfo',
  hostname: 'dpg-d312ged6ubrc73c1018g-a'
}
Blog scheduler started
5:02:15 AM [express] serving on port 5000
‚ùå Database connection attempt 2/5 failed: getaddrinfo ENOTFOUND dpg-d312ged6ubrc73c1018g-a
‚è≥ Retrying in 2000ms...
‚ùå Database connection attempt 3/5 failed: getaddrinfo ENOTFOUND dpg-d312ged6ubrc73c1018g-a
‚è≥ Retrying in 4000ms...
‚è≥ Retrying in 8000ms...
‚ùå Database connection attempt 4/5 failed: getaddrinfo ENOTFOUND dpg-d312ged6ubrc73c1018g-a
Error during admin login: Error: getaddrinfo ENOTFOUND dpg-d312ged6ubrc73c1018g-a
    at /opt/render/project/src/node_modules/pg-pool/index.js:45:11
    at process.processTicksAndRejections (node:internal/process/task_queues:105:5)
    at async file:///opt/render/project/src/node_modules/drizzle-orm/node-postgres/session.js:83:22
    at async DatabaseStorage.getUserByEmail (file:///opt/render/project/src/dist/index.js:272:24)
    at async file:///opt/render/project/src/dist/index.js:1147:20 {
  errno: -3008,
  code: 'ENOTFOUND',
  syscall: 'getaddrinfo',
  hostname: 'dpg-d312ged6ubrc73c1018g-a'
}
5:02:23 AM [express] POST /api/admin/login 500 in 15ms :: {"message":"Login failed"}
‚ùå Database connection attempt 5/5 failed: getaddrinfo ENOTFOUND dpg-d312ged6ubrc73c1018g-a
üö® Failed to connect to database after all retries
üö® Critical: Failed to establish database connection: Error: Database connection failed after 5 attempts
    at connectWithRetry (file:///opt/render/project/src/dist/index.js:195:15)
    at process.processTicksAndRejections (node:internal/process/task_queues:105:5)
==> Running 'npm start'
> rest-express@1.0.0 start
> NODE_ENV=production node dist/index.js
Connecting to database...
DATABASE_URL is set: true
NODE_ENV: production
‚ùå Database connection attempt 1/5 failed: getaddrinfo ENOTFOUND dpg-d312ged6ubrc73c1018g-a
‚è≥ Retrying in 1000ms...
Failed to initialize default data: Error: getaddrinfo ENOTFOUND dpg-d312ged6ubrc73c1018g-a
    at /opt/render/project/src/node_modules/pg-pool/index.js:45:11
    at process.processTicksAndRejections (node:internal/process/task_queues:105:5)
    at async file:///opt/render/project/src/node_modules/drizzle-orm/node-postgres/session.js:83:22
    at async DatabaseStorage.getServices (file:///opt/render/project/src/dist/index.js:281:16)
    at async initializeDefaultServices (file:///opt/render/project/src/dist/index.js:1388:30)
    at async registerRoutes (file:///opt/render/project/src/dist/index.js:984:3)
    at async file:///opt/render/project/src/dist/index.js:1598:18 {
  errno: -3008,
  code: 'ENOTFOUND',
  syscall: 'getaddrinfo',
  hostname: 'dpg-d312ged6ubrc73c1018g-a'
}
Blog scheduler started
5:03:24 AM [express] serving on port 5000
‚ùå Database connection attempt 2/5 failed: getaddrinfo ENOTFOUND dpg-d312ged6ubrc73c1018g-a
‚è≥ Retrying in 2000ms...
‚ùå Database connection attempt 3/5 failed: getaddrinfo ENOTFOUND dpg-d312ged6ubrc73c1018g-a
‚è≥ Retrying in 4000ms...
‚è≥ Retrying in 8000ms...
‚ùå Database connection attempt 4/5 failed: getaddrinfo ENOTFOUND dpg-d312ged6ubrc73c1018g-a
‚ùå Database connection attempt 5/5 failed: getaddrinfo ENOTFOUND dpg-d312ged6ubrc73c1018g-a
üö® Failed to connect to database after all retries
üö® Critical: Failed to establish database connection: Error: Database connection failed after 5 attempts
    at connectWithRetry (file:///opt/render/project/src/dist/index.js:195:15)
    at process.processTicksAndRejections (node:internal/process/task_queues:105:5)
==> Running 'npm start'
> rest-express@1.0.0 start
> NODE_ENV=production node dist/index.js
Connecting to database...
DATABASE_URL is set: true
NODE_ENV: production
‚ùå Database connection attempt 1/5 failed: getaddrinfo ENOTFOUND dpg-d312ged6ubrc73c1018g-a
‚è≥ Retrying in 1000ms...
Failed to initialize default data: Error: getaddrinfo ENOTFOUND dpg-d312ged6ubrc73c1018g-a
    at /opt/render/project/src/node_modules/pg-pool/index.js:45:11
    at process.processTicksAndRejections (node:internal/process/task_queues:105:5)
    at async file:///opt/render/project/src/node_modules/drizzle-orm/node-postgres/session.js:83:22
    at async DatabaseStorage.getServices (file:///opt/render/project/src/dist/index.js:281:16)
    at async initializeDefaultServices (file:///opt/render/project/src/dist/index.js:1388:30)
    at async registerRoutes (file:///opt/render/project/src/dist/index.js:984:3)
    at async file:///opt/render/project/src/dist/index.js:1598:18 {
  errno: -3008,
  code: 'ENOTFOUND',
  syscall: 'getaddrinfo',
  hostname: 'dpg-d312ged6ubrc73c1018g-a'
}
Blog scheduler started
5:05:19 AM [express] serving on port 5000
‚ùå Database connection attempt 2/5 failed: getaddrinfo ENOTFOUND dpg-d312ged6ubrc73c1018g-a
‚è≥ Retrying in 2000ms...
‚ùå Database connection attempt 3/5 failed: getaddrinfo ENOTFOUND dpg-d312ged6ubrc73c1018g-a
‚è≥ Retrying in 4000ms...
‚è≥ Retrying in 8000ms...
‚ùå Database connection attempt 4/5 failed: getaddrinfo ENOTFOUND dpg-d312ged6ubrc73c1018g-a
‚ùå Database connection attempt 5/5 failed: getaddrinfo ENOTFOUND dpg-d312ged6ubrc73c1018g-a
üö® Failed to connect to database after all retries
üö® Critical: Failed to establish database connection: Error: Database connection failed after 5 attempts
    at connectWithRetry (file:///opt/render/project/src/dist/index.js:195:15)
    at process.processTicksAndRejections (node:internal/process/task_queues:105:5)
==> Running 'npm start'
> rest-express@1.0.0 start
> NODE_ENV=production node dist/index.js
Connecting to database...
DATABASE_URL is set: true
NODE_ENV: production
‚ùå Database connection attempt 1/5 failed: getaddrinfo ENOTFOUND dpg-d312ged6ubrc73c1018g-a
‚è≥ Retrying in 1000ms...
Failed to initialize default data: Error: getaddrinfo ENOTFOUND dpg-d312ged6ubrc73c1018g-a
    at /opt/render/project/src/node_modules/pg-pool/index.js:45:11
    at process.processTicksAndRejections (node:internal/process/task_queues:105:5)
    at async file:///opt/render/project/src/node_modules/drizzle-orm/node-postgres/session.js:83:22
    at async DatabaseStorage.getServices (file:///opt/render/project/src/dist/index.js:281:16)
    at async initializeDefaultServices (file:///opt/render/project/src/dist/index.js:1388:30)
    at async registerRoutes (file:///opt/render/project/src/dist/index.js:984:3)
    at async file:///opt/render/project/src/dist/index.js:1598:18 {
  errno: -3008,
  code: 'ENOTFOUND',
  syscall: 'getaddrinfo',
  hostname: 'dpg-d312ged6ubrc73c1018g-a'
}
Blog scheduler started
5:08:43 AM [express] serving on port 5000
‚ùå Database connection attempt 2/5 failed: getaddrinfo ENOTFOUND dpg-d312ged6ubrc73c1018g-a
‚è≥ Retrying in 2000ms...
‚ùå Database connection attempt 3/5 failed: getaddrinfo ENOTFOUND dpg-d312ged6ubrc73c1018g-a
‚è≥ Retrying in 4000ms...
‚ùå Database connection attempt 4/5 failed: getaddrinfo ENOTFOUND dpg-d312ged6ubrc73c1018g-a
‚è≥ Retrying in 8000ms...
Error during admin login: Error: getaddrinfo ENOTFOUND dpg-d312ged6ubrc73c1018g-a
    at /opt/render/project/src/node_modules/pg-pool/index.js:45:11
    at process.processTicksAndRejections (node:internal/process/task_queues:105:5)
    at async file:///opt/render/project/src/node_modules/drizzle-orm/node-postgres/session.js:83:22
    at async DatabaseStorage.getUserByEmail (file:///opt/render/project/src/dist/index.js:272:24)
    at async file:///opt/render/project/src/dist/index.js:1147:20 {
  errno: -3008,
  code: 'ENOTFOUND',
  syscall: 'getaddrinfo',
  hostname: 'dpg-d312ged6ubrc73c1018g-a'
}
5:08:53 AM [express] POST /api/admin/login 500 in 7ms :: {"message":"Login failed"}
‚ùå Database connection attempt 5/5 failed: getaddrinfo ENOTFOUND dpg-d312ged6ubrc73c1018g-a
üö® Failed to connect to database after all retries
üö® Critical: Failed to establish database connection: Error: Database connection failed after 5 attempts
    at connectWithRetry (file:///opt/render/project/src/dist/index.js:195:15)
    at process.processTicksAndRejections (node:internal/process/task_queues:105:5)
==> Running 'npm start'
> rest-express@1.0.0 start
> NODE_ENV=production node dist/index.js
Connecting to database...
DATABASE_URL is set: true
NODE_ENV: production
‚ùå Database connection attempt 1/5 failed: getaddrinfo ENOTFOUND dpg-d312ged6ubrc73c1018g-a
‚è≥ Retrying in 1000ms...
Failed to initialize default data: Error: getaddrinfo ENOTFOUND dpg-d312ged6ubrc73c1018g-a
    at /opt/render/project/src/node_modules/pg-pool/index.js:45:11
    at process.processTicksAndRejections (node:internal/process/task_queues:105:5)
    at async file:///opt/render/project/src/node_modules/drizzle-orm/node-postgres/session.js:83:22
    at async DatabaseStorage.getServices (file:///opt/render/project/src/dist/index.js:281:16)
    at async initializeDefaultServices (file:///opt/render/project/src/dist/index.js:1388:30)
    at async registerRoutes (file:///opt/render/project/src/dist/index.js:984:3)
    at async file:///opt/render/project/src/dist/index.js:1598:18 {
  errno: -3008,
  code: 'ENOTFOUND',
  syscall: 'getaddrinfo',
  hostname: 'dpg-d312ged6ubrc73c1018g-a'
}
Blog scheduler started
5:14:16 AM [express] serving on port 5000
‚ùå Database connection attempt 2/5 failed: getaddrinfo ENOTFOUND dpg-d312ged6ubrc73c1018g-a
‚è≥ Retrying in 2000ms...
‚ùå Database connection attempt 3/5 failed: getaddrinfo ENOTFOUND dpg-d312ged6ubrc73c1018g-a
‚è≥ Retrying in 4000ms...
‚ùå Database connection attempt 4/5 failed: getaddrinfo ENOTFOUND dpg-d312ged6ubrc73c1018g-a
‚è≥ Retrying in 8000ms...
‚ùå Database connection attempt 5/5 failed: getaddrinfo ENOTFOUND dpg-d312ged6ubrc73c1018g-a
üö® Failed to connect to database after all retries
üö® Critical: Failed to establish database connection: Error: Database connection failed after 5 attempts
    at connectWithRetry (file:///opt/render/project/src/dist/index.js:195:15)
    at process.processTicksAndRejections (node:internal/process/task_queues:105:5)
